******************************************************************************
       MSP430 Evaluation Linker PC v3.2.1                      
******************************************************************************
>> Linked Thu May 03 16:12:33 2012

OUTPUT FILE NAME:   <radio_example.out>
ENTRY POINT SYMBOL: "_c_int00"  address: 0000a5be


MEMORY CONFIGURATION

         name            origin    length      used     unused   attr    fill
----------------------  --------  ---------  --------  --------  ----  --------
  SFR                   00000000   00000010  00000000  00000010  RWIX
  PERIPHERALS_8BIT      00000010   000000f0  00000000  000000f0  RWIX
  PERIPHERALS_16BIT     00000100   00000100  00000000  00000100  RWIX
  RAM                   00000200   00000400  0000018c  00000274  RWIX
  INFOD                 00001000   00000040  00000000  00000040  RWIX
  INFOC                 00001040   00000040  00000000  00000040  RWIX
  INFOB                 00001080   00000040  00000000  00000040  RWIX
  INFOA                 000010c0   00000040  00000000  00000040  RWIX
  FLASH                 00008000   00007fde  00002a2b  000055b3  RWIX
  INT00                 0000ffe0   00000002  00000000  00000002  RWIX
  INT01                 0000ffe2   00000002  00000000  00000002  RWIX
  INT02                 0000ffe4   00000002  00000000  00000002  RWIX
  INT03                 0000ffe6   00000002  00000002  00000000  RWIX
  INT04                 0000ffe8   00000002  00000000  00000002  RWIX
  INT05                 0000ffea   00000002  00000000  00000002  RWIX
  INT06                 0000ffec   00000002  00000000  00000002  RWIX
  INT07                 0000ffee   00000002  00000000  00000002  RWIX
  INT08                 0000fff0   00000002  00000000  00000002  RWIX
  INT09                 0000fff2   00000002  00000000  00000002  RWIX
  INT10                 0000fff4   00000002  00000000  00000002  RWIX
  INT11                 0000fff6   00000002  00000000  00000002  RWIX
  INT12                 0000fff8   00000002  00000000  00000002  RWIX
  INT13                 0000fffa   00000002  00000002  00000000  RWIX
  INT14                 0000fffc   00000002  00000000  00000002  RWIX
  RESET                 0000fffe   00000002  00000002  00000000  RWIX


SECTION ALLOCATION MAP

 output                                  attributes/
section   page    origin      length       input sections
--------  ----  ----------  ----------   ----------------
.pinit     0    00008000    00000000     UNINITIALIZED

.bss       0    00000200    0000013c     UNINITIALIZED
                  00000200    00000106     game.obj (.bss)
                  00000306    0000002e     mrfi.obj (.bss)
                  00000334    00000004     rts430.lib : _lock.obj (.bss)
                  00000338    00000004                : boot.obj (.bss)

.stack     0    000005b0    00000050     UNINITIALIZED
                  000005b0    00000002     rts430.lib : boot.obj (.stack)
                  000005b2    0000004e     --HOLE--

.text      0    00008000    00002860     
                  00008000    000002ac     game.obj (.text:MRFI_RxCompleteISR)
                  000082ac    00000216     rts430.lib : _printfi.obj (.text:_setfield)
                  000084c2    00000200     mrfi.obj (.text:MRFI_Init)
                  000086c2    000001b6     rts430.lib : _printfi.obj (.text:_printfi)
                  00008878    000001a4     game.obj (.text:packetsInit)
                  00008a1c    00000168     rts430.lib : _printfi.obj (.text:ecvt)
                  00008b84    00000160                : _printfi.obj (.text:fcvt)
                  00008ce4    00000154                : _printfi.obj (.text:_pconv_e)
                  00008e38    0000011e     mrfi.obj (.text:MRFI_Transmit)
                  00008f56    00000118     rts430.lib : fs_add.obj (.text)
                  0000906e    0000010c     game.obj (.text:main)
                  0000917a    00000102     rts430.lib : _printfi.obj (.text:_pconv_g)
                  0000927c    00000100                : _printfi.obj (.text:_getarg_diouxp)
                  0000937c    000000fe                : _printfi.obj (.text:_pproc_fwp)
                  0000947a    000000f2                : _printfi.obj (.text:_pproc_diouxp)
                  0000956c    000000ea     mrfi.obj (.text:Mrfi_SyncPinRxIsr)
                  00009656    000000ac     rts430.lib : _printfi.obj (.text:_pproc_str)
                  00009702    000000ac     mrfi.obj (.text:spiBurstFifoAccess)
                  000097ae    000000aa     rts430.lib : fs_mpy.obj (.text)
                  00009858    0000009a                : fs_div.obj (.text)
                  000098f2    00000096                : _printfi.obj (.text:_ltostr)
                  00009988    00000090                : _printfi.obj (.text:_mcpy)
                  00009a18    00000086                : _printfi.obj (.text:_pproc_fge)
                  00009a9e    00000084                : ltoa.obj (.text:ltoa)
                  00009b22    00000082     game.obj (.text:gameInit)
                  00009ba4    0000007e     rts430.lib : fs_tol.obj (.text)
                  00009c22    0000007a                : _printfi.obj (.text:_ecpy)
                  00009c9c    00000074                : _printfi.obj (.text:_pconv_f)
                  00009d10    00000070     mrfi.obj (.text:MRFI_RxAddrIsFiltered)
                  00009d80    0000006e     rts430.lib : lsr32.obj (.text)
                  00009dee    0000005e     mrfi.obj (.text:spiRegAccess)
                  00009e4c    0000005c     mrfi.obj (.text:mrfiSpiCmdStrobe)
                  00009ea8    00000058     rts430.lib : div32u.obj (.text)
                  00009f00    00000054     mrfi.obj (.text:MRFI_WakeUp)
                  00009f54    00000054     rts430.lib : atoi.obj (.text:atoi)
                  00009fa8    0000004e                : _printfi.obj (.text:_fcpy)
                  00009ff6    0000004e                : asr32.obj (.text)
                  0000a044    0000004c     mrfi.obj (.text:Mrfi_CalculateRssi)
                  0000a090    0000004c     rts430.lib : lsr16.obj (.text)
                  0000a0dc    0000004a                : fs_cmp.obj (.text)
                  0000a126    0000004a                : fs_ltof.obj (.text)
                  0000a170    00000046                : autoinit.obj (.text:_auto_init)
                  0000a1b6    00000046     game.obj (.text:my_handler2)
                  0000a1fc    00000046     rts430.lib : fs_tou.obj (.text)
                  0000a242    00000044                : _printfi.obj (.text:_pproc_fflags)
                  0000a286    00000042     mrfi.obj (.text:MRFI_SetRxAddrFilter)
                  0000a2c8    00000040     mrfi.obj (.text:Mrfi_DelayUsec)
                  0000a308    00000040     rts430.lib : div32s.obj (.text)
                  0000a348    0000003c     game.obj (.text:zombInit)
                  0000a384    00000038     rts430.lib : sprintf.obj (.text:sprintf)
                  0000a3bc    00000036     mrfi.obj (.text:MRFI_SetRFPwr)
                  0000a3f2    00000034     mrfi.obj (.text:MRFI_SetLogicalChannel)
                  0000a426    00000034     rts430.lib : _printfi.obj (.text:_div)
                  0000a45a    00000034     mrfi.obj (.text:mrfiSpiInit)
                  0000a48e    00000030     bsp.obj (.text:BSP_Init)
                  0000a4be    0000002c     mrfi.obj (.text:Mrfi_RandomBackoffDelay)
                  0000a4ea    0000002c     mrfi.obj (.text:Mrfi_RxModeOff)
                  0000a516    0000002c     mrfi.obj (.text:mrfiSpiWriteReg)
                  0000a542    0000002c     rts430.lib : div16s.obj (.text)
                  0000a56e    00000028     bsp.obj (.text:BSP_Delay)
                  0000a596    00000028     rts430.lib : memccpy.obj (.text:memccpy)
                  0000a5be    00000026                : boot.obj (.text:_c_int00_noexit)
                  0000a5e4    00000026     mrfi.obj (.text:mrfiSpiReadReg)
                  0000a60a    00000026     rts430.lib : mult32.obj (.text)
                  0000a630    00000024     game.obj (.text:delay)
                  0000a654    00000020     mrfi.obj (.text:MRFI_EnableRxAddrFilter)
                  0000a674    00000020     mrfi.obj (.text:MRFI_RxOn)
                  0000a694    0000001e     mrfi.obj (.text:mrfiSpiWriteTxFifo)
                  0000a6b2    0000001c     bsp.obj (.text:BSP_InitBoard)
                  0000a6ce    0000001c     mrfi.obj (.text:MRFI_GpioIsr)
                  0000a6ea    0000001c     mrfi.obj (.text:mrfiSpiReadRxFifo)
                  0000a706    0000001a     mrfi.obj (.text:BSP_GpioPort1Isr)
                  0000a720    0000001a     rts430.lib : sprintf.obj (.text:_outs)
                  0000a73a    00000016     mrfi.obj (.text:MRFI_RandomByte)
                  0000a750    00000016     mrfi.obj (.text:MRFI_Receive)
                  0000a766    00000016     mrfi.obj (.text:Mrfi_RxModeOn)
                  0000a77c    00000016     rts430.lib : div16u.obj (.text)
                  0000a792    00000016                : strcpy.obj (.text:strcpy)
                  0000a7a8    00000014                : memset.obj (.text:memset)
                  0000a7bc    00000014                : mult16.obj (.text)
                  0000a7d0    00000012     bsp.obj (.text:BSP_InitLeds)
                  0000a7e2    00000012     rts430.lib : sprintf.obj (.text:_outc)
                  0000a7f4    00000012                : memcpy.obj (.text:memcpy)
                  0000a806    00000012                : strlen.obj (.text:strlen)
                  0000a818    00000010                : epilog.obj (.text)
                  0000a828    0000000a     bsp.obj (.text:BSP_InitButtons)
                  0000a832    0000000a     bsp.obj (.text:BSP_InitDrivers)
                  0000a83c    0000000a     bsp.obj (.text:_system_pre_init)
                  0000a846    0000000a     rts430.lib : abs.obj (.text:abs)
                  0000a850    0000000a                : fs_neg.obj (.text)
                  0000a85a    00000004                : exit.obj (.text:abort)
                  0000a85e    00000002                : _lock.obj (.text:_nop)

.const     0    0000a860    00000197     
                  0000a860    00000101     rts430.lib : ctype.obj (.const:_ctypes_)
                  0000a961    00000001     --HOLE-- [fill = 0]
                  0000a962    0000003c     mrfi.obj (.const:mrfiRadioCfg)
                  0000a99e    00000024     rts430.lib : _printfi.obj (.const:.string)
                  0000a9c2    0000001a     game.obj (.const:.string)
                  0000a9dc    00000004     game.obj (.const:$P$T0$1)
                  0000a9e0    00000004     game.obj (.const:$P$T1$2)
                  0000a9e4    00000004     game.obj (.const:$P$T2$3)
                  0000a9e8    00000004     game.obj (.const:$P$T3$4)
                  0000a9ec    00000004     mrfi.obj (.const:mrfiBroadcastAddr)
                  0000a9f0    00000004     mrfi.obj (.const:mrfiLogicalChanTable)
                  0000a9f4    00000003     mrfi.obj (.const:mrfiRFPowerTable)

.cinit     0    0000a9f8    00000034     
                  0000a9f8    0000002f     mrfi.obj (.cinit)
                  0000aa27    00000001     --HOLE-- [fill = 0]
                  0000aa28    00000004     (.pad.cinit) [fill = 0]

.int03     0    0000ffe6    00000002     
                  0000ffe6    00000002     mrfi.obj (.int03)

.int13     0    0000fffa    00000002     
                  0000fffa    00000002     game.obj (.int13)

.reset     0    0000fffe    00000002     
                  0000fffe    00000002     rts430.lib : boot.obj (.reset)


GLOBAL SYMBOLS: SORTED ALPHABETICALLY BY Name 

address    name
--------   ----
00000200   .bss
00008000   .text
0000004a   ADC10AE0
0000004b   ADC10AE1
000001b0   ADC10CTL0
000001b2   ADC10CTL1
00000048   ADC10DTC0
00000049   ADC10DTC1
000001b4   ADC10MEM
000001bc   ADC10SA
00000057   BCSCTL1
00000058   BCSCTL2
00000053   BCSCTL3
0000a56e   BSP_Delay
0000a706   BSP_GpioPort1Isr
0000a48e   BSP_Init
0000a6b2   BSP_InitBoard
0000a828   BSP_InitButtons
0000a832   BSP_InitDrivers
0000a7d0   BSP_InitLeds
0000a85a   C$$EXIT
000010fb   CALBC1_12MHZ
000010f9   CALBC1_16MHZ
000010ff   CALBC1_1MHZ
000010fd   CALBC1_8MHZ
000010fa   CALDCO_12MHZ
000010f8   CALDCO_16MHZ
000010fe   CALDCO_1MHZ
000010fc   CALDCO_8MHZ
00000056   DCOCTL
00000128   FCTL1
0000012a   FCTL2
0000012c   FCTL3
00000000   IE1
00000001   IE2
00000002   IFG1
00000003   IFG2
0000a090   I_LSR
0000a0d6   I_LSR_1
0000a0b2   I_LSR_10
0000a0ae   I_LSR_11
0000a0aa   I_LSR_12
0000a0a6   I_LSR_13
0000a0a2   I_LSR_14
0000a09e   I_LSR_15
0000a0d2   I_LSR_2
0000a0ce   I_LSR_3
0000a0ca   I_LSR_4
0000a0c6   I_LSR_5
0000a0c2   I_LSR_6
0000a0be   I_LSR_7
0000a0ba   I_LSR_8
0000a0b6   I_LSR_9
00009ff6   L_ASR
0000a03e   L_ASR_1
0000a01a   L_ASR_10
0000a016   L_ASR_11
0000a012   L_ASR_12
0000a00e   L_ASR_13
0000a00a   L_ASR_14
0000a006   L_ASR_15
0000a03a   L_ASR_2
0000a036   L_ASR_3
0000a032   L_ASR_4
0000a02e   L_ASR_5
0000a02a   L_ASR_6
0000a026   L_ASR_7
0000a022   L_ASR_8
0000a01e   L_ASR_9
00009d80   L_LSR
00009de6   L_LSR_1
00009db0   L_LSR_10
00009daa   L_LSR_11
00009da4   L_LSR_12
00009d9e   L_LSR_13
00009d98   L_LSR_14
00009d92   L_LSR_15
00009de0   L_LSR_2
00009dda   L_LSR_3
00009dd4   L_LSR_4
00009dce   L_LSR_5
00009dc8   L_LSR_6
00009dc2   L_LSR_7
00009dbc   L_LSR_8
00009db6   L_LSR_9
0000a654   MRFI_EnableRxAddrFilter
0000a6ce   MRFI_GpioIsr
000084c2   MRFI_Init
0000a73a   MRFI_RandomByte
0000a750   MRFI_Receive
00009d10   MRFI_RxAddrIsFiltered
00008000   MRFI_RxCompleteISR
0000a674   MRFI_RxOn
0000a3f2   MRFI_SetLogicalChannel
0000a3bc   MRFI_SetRFPwr
0000a286   MRFI_SetRxAddrFilter
00008e38   MRFI_Transmit
00009f00   MRFI_WakeUp
000000c0   OA0CTL0
000000c1   OA0CTL1
000000c2   OA1CTL0
000000c3   OA1CTL1
00000022   P1DIR
00000025   P1IE
00000024   P1IES
00000023   P1IFG
00000020   P1IN
00000021   P1OUT
00000027   P1REN
00000026   P1SEL
0000002a   P2DIR
0000002d   P2IE
0000002c   P2IES
0000002b   P2IFG
00000028   P2IN
00000029   P2OUT
0000002f   P2REN
0000002e   P2SEL
0000001a   P3DIR
00000018   P3IN
00000019   P3OUT
00000010   P3REN
0000001b   P3SEL
0000001e   P4DIR
0000001c   P4IN
0000001d   P4OUT
00000011   P4REN
0000001f   P4SEL
00000172   TACCR0
00000174   TACCR1
00000176   TACCR2
00000162   TACCTL0
00000164   TACCTL1
00000166   TACCTL2
00000160   TACTL
0000012e   TAIV
00000170   TAR
00000192   TBCCR0
00000194   TBCCR1
00000196   TBCCR2
00000182   TBCCTL0
00000184   TBCCTL1
00000186   TBCCTL2
00000180   TBCTL
0000011e   TBIV
00000190   TBR
0000005d   UCA0ABCTL
00000062   UCA0BR0
00000063   UCA0BR1
00000060   UCA0CTL0
00000061   UCA0CTL1
0000005f   UCA0IRRCTL
0000005e   UCA0IRTCTL
00000064   UCA0MCTL
00000066   UCA0RXBUF
00000065   UCA0STAT
00000067   UCA0TXBUF
0000006a   UCB0BR0
0000006b   UCB0BR1
00000068   UCB0CTL0
00000069   UCB0CTL1
0000006c   UCB0I2CIE
00000118   UCB0I2COA
0000011a   UCB0I2CSA
0000006e   UCB0RXBUF
0000006d   UCB0STAT
0000006f   UCB0TXBUF
00000120   WDTCTL
00000600   __STACK_END
00000050   __STACK_SIZE
00000001   __TI_args_main
00000001   __TI_auto_init
00000001   __TI_exit
ffffffff   __binit__
00000200   __bss__
ffffffff   __c_args__
0000a9f8   __cinit__
0000a542   __divi
0000a308   __divli
0000a77c   __divu
00009ea8   __divul
0000033c   __end__
0000a860   __etext__
00008f5c   __fs_add
0000a0dc   __fs_cmp
00009858   __fs_div
0000a126   __fs_ltof
000097ae   __fs_mpy
0000a850   __fs_neg
00008f56   __fs_sub
00009ba4   __fs_tol
0000a1fc   __fs_tou
0000a7bc   __mpyi
0000a60a   __mpyl
ffffffff   __pinit__
0000a542   __remi
0000a308   __remli
0000a77c   __remu
00009ea8   __remul
00008000   __text__
0000a170   _auto_init
0000a5be   _c_int00
0000a5be   _c_int00_noexit
00000338   _cleanup_ptr
0000a860   _ctypes_
0000033a   _dtors_ptr
00000334   _lock
0000a85e   _nop
000086c2   _printfi
0000fffe   _reset_vector
000005b0   _stack
0000a83c   _system_pre_init
00000336   _unlock
0000a85a   abort
0000a846   abs
00009f54   atoi
ffffffff   binit
0000a9f8   cinit
00000240   counter
0000a630   delay
0000033c   end
0000a860   etext
0000a824   func_epilog_1
0000a822   func_epilog_2
0000a820   func_epilog_3
0000a81e   func_epilog_4
0000a81c   func_epilog_5
0000a81a   func_epilog_6
0000a818   func_epilog_7
000002dd   gScore
00009b22   gameInit
0000029f   hDead
00000280   hNear
000002be   hStun
0000023e   human
0000023a   initPlayer
00000238   killedBy
00009a9e   ltoa
0000906e   main
0000a596   memccpy
0000a7f4   memcpy
0000a7a8   memset
0000a9ec   mrfiBroadcastAddr
00009e4c   mrfiSpiCmdStrobe
0000a45a   mrfiSpiInit
0000a5e4   mrfiSpiReadReg
0000a6ea   mrfiSpiReadRxFifo
0000a516   mrfiSpiWriteReg
0000a694   mrfiSpiWriteTxFifo
0000a1b6   my_handler2
00008878   packetsInit
ffffffff   pinit
000002fc   playerTime
0000a384   sprintf
0000023c   startGame
0000a792   strcpy
0000a806   strlen
00000200   thisPlayer
00000261   zAttack
00000242   zProbe
0000a348   zombInit


GLOBAL SYMBOLS: SORTED BY Symbol Address 

address    name
--------   ----
00000000   IE1
00000001   IE2
00000001   __TI_args_main
00000001   __TI_auto_init
00000001   __TI_exit
00000002   IFG1
00000003   IFG2
00000010   P3REN
00000011   P4REN
00000018   P3IN
00000019   P3OUT
0000001a   P3DIR
0000001b   P3SEL
0000001c   P4IN
0000001d   P4OUT
0000001e   P4DIR
0000001f   P4SEL
00000020   P1IN
00000021   P1OUT
00000022   P1DIR
00000023   P1IFG
00000024   P1IES
00000025   P1IE
00000026   P1SEL
00000027   P1REN
00000028   P2IN
00000029   P2OUT
0000002a   P2DIR
0000002b   P2IFG
0000002c   P2IES
0000002d   P2IE
0000002e   P2SEL
0000002f   P2REN
00000048   ADC10DTC0
00000049   ADC10DTC1
0000004a   ADC10AE0
0000004b   ADC10AE1
00000050   __STACK_SIZE
00000053   BCSCTL3
00000056   DCOCTL
00000057   BCSCTL1
00000058   BCSCTL2
0000005d   UCA0ABCTL
0000005e   UCA0IRTCTL
0000005f   UCA0IRRCTL
00000060   UCA0CTL0
00000061   UCA0CTL1
00000062   UCA0BR0
00000063   UCA0BR1
00000064   UCA0MCTL
00000065   UCA0STAT
00000066   UCA0RXBUF
00000067   UCA0TXBUF
00000068   UCB0CTL0
00000069   UCB0CTL1
0000006a   UCB0BR0
0000006b   UCB0BR1
0000006c   UCB0I2CIE
0000006d   UCB0STAT
0000006e   UCB0RXBUF
0000006f   UCB0TXBUF
000000c0   OA0CTL0
000000c1   OA0CTL1
000000c2   OA1CTL0
000000c3   OA1CTL1
00000118   UCB0I2COA
0000011a   UCB0I2CSA
0000011e   TBIV
00000120   WDTCTL
00000128   FCTL1
0000012a   FCTL2
0000012c   FCTL3
0000012e   TAIV
00000160   TACTL
00000162   TACCTL0
00000164   TACCTL1
00000166   TACCTL2
00000170   TAR
00000172   TACCR0
00000174   TACCR1
00000176   TACCR2
00000180   TBCTL
00000182   TBCCTL0
00000184   TBCCTL1
00000186   TBCCTL2
00000190   TBR
00000192   TBCCR0
00000194   TBCCR1
00000196   TBCCR2
000001b0   ADC10CTL0
000001b2   ADC10CTL1
000001b4   ADC10MEM
000001bc   ADC10SA
00000200   .bss
00000200   __bss__
00000200   thisPlayer
00000238   killedBy
0000023a   initPlayer
0000023c   startGame
0000023e   human
00000240   counter
00000242   zProbe
00000261   zAttack
00000280   hNear
0000029f   hDead
000002be   hStun
000002dd   gScore
000002fc   playerTime
00000334   _lock
00000336   _unlock
00000338   _cleanup_ptr
0000033a   _dtors_ptr
0000033c   __end__
0000033c   end
000005b0   _stack
00000600   __STACK_END
000010f8   CALDCO_16MHZ
000010f9   CALBC1_16MHZ
000010fa   CALDCO_12MHZ
000010fb   CALBC1_12MHZ
000010fc   CALDCO_8MHZ
000010fd   CALBC1_8MHZ
000010fe   CALDCO_1MHZ
000010ff   CALBC1_1MHZ
00008000   .text
00008000   MRFI_RxCompleteISR
00008000   __text__
000084c2   MRFI_Init
000086c2   _printfi
00008878   packetsInit
00008e38   MRFI_Transmit
00008f56   __fs_sub
00008f5c   __fs_add
0000906e   main
000097ae   __fs_mpy
00009858   __fs_div
00009a9e   ltoa
00009b22   gameInit
00009ba4   __fs_tol
00009d10   MRFI_RxAddrIsFiltered
00009d80   L_LSR
00009d92   L_LSR_15
00009d98   L_LSR_14
00009d9e   L_LSR_13
00009da4   L_LSR_12
00009daa   L_LSR_11
00009db0   L_LSR_10
00009db6   L_LSR_9
00009dbc   L_LSR_8
00009dc2   L_LSR_7
00009dc8   L_LSR_6
00009dce   L_LSR_5
00009dd4   L_LSR_4
00009dda   L_LSR_3
00009de0   L_LSR_2
00009de6   L_LSR_1
00009e4c   mrfiSpiCmdStrobe
00009ea8   __divul
00009ea8   __remul
00009f00   MRFI_WakeUp
00009f54   atoi
00009ff6   L_ASR
0000a006   L_ASR_15
0000a00a   L_ASR_14
0000a00e   L_ASR_13
0000a012   L_ASR_12
0000a016   L_ASR_11
0000a01a   L_ASR_10
0000a01e   L_ASR_9
0000a022   L_ASR_8
0000a026   L_ASR_7
0000a02a   L_ASR_6
0000a02e   L_ASR_5
0000a032   L_ASR_4
0000a036   L_ASR_3
0000a03a   L_ASR_2
0000a03e   L_ASR_1
0000a090   I_LSR
0000a09e   I_LSR_15
0000a0a2   I_LSR_14
0000a0a6   I_LSR_13
0000a0aa   I_LSR_12
0000a0ae   I_LSR_11
0000a0b2   I_LSR_10
0000a0b6   I_LSR_9
0000a0ba   I_LSR_8
0000a0be   I_LSR_7
0000a0c2   I_LSR_6
0000a0c6   I_LSR_5
0000a0ca   I_LSR_4
0000a0ce   I_LSR_3
0000a0d2   I_LSR_2
0000a0d6   I_LSR_1
0000a0dc   __fs_cmp
0000a126   __fs_ltof
0000a170   _auto_init
0000a1b6   my_handler2
0000a1fc   __fs_tou
0000a286   MRFI_SetRxAddrFilter
0000a308   __divli
0000a308   __remli
0000a348   zombInit
0000a384   sprintf
0000a3bc   MRFI_SetRFPwr
0000a3f2   MRFI_SetLogicalChannel
0000a45a   mrfiSpiInit
0000a48e   BSP_Init
0000a516   mrfiSpiWriteReg
0000a542   __divi
0000a542   __remi
0000a56e   BSP_Delay
0000a596   memccpy
0000a5be   _c_int00
0000a5be   _c_int00_noexit
0000a5e4   mrfiSpiReadReg
0000a60a   __mpyl
0000a630   delay
0000a654   MRFI_EnableRxAddrFilter
0000a674   MRFI_RxOn
0000a694   mrfiSpiWriteTxFifo
0000a6b2   BSP_InitBoard
0000a6ce   MRFI_GpioIsr
0000a6ea   mrfiSpiReadRxFifo
0000a706   BSP_GpioPort1Isr
0000a73a   MRFI_RandomByte
0000a750   MRFI_Receive
0000a77c   __divu
0000a77c   __remu
0000a792   strcpy
0000a7a8   memset
0000a7bc   __mpyi
0000a7d0   BSP_InitLeds
0000a7f4   memcpy
0000a806   strlen
0000a818   func_epilog_7
0000a81a   func_epilog_6
0000a81c   func_epilog_5
0000a81e   func_epilog_4
0000a820   func_epilog_3
0000a822   func_epilog_2
0000a824   func_epilog_1
0000a828   BSP_InitButtons
0000a832   BSP_InitDrivers
0000a83c   _system_pre_init
0000a846   abs
0000a850   __fs_neg
0000a85a   C$$EXIT
0000a85a   abort
0000a85e   _nop
0000a860   __etext__
0000a860   _ctypes_
0000a860   etext
0000a9ec   mrfiBroadcastAddr
0000a9f8   __cinit__
0000a9f8   cinit
0000fffe   _reset_vector
ffffffff   __binit__
ffffffff   __c_args__
ffffffff   __pinit__
ffffffff   binit
ffffffff   pinit

[261 symbols]
